// Jest Snapshot v1, https://goo.gl/fbAQLP

exports[`<Nodes /> match the snapshot 1`] = `
<div class="d-flex flex-column blocks-wrapper">
  <h1 class="main-title">Nodes</h1>
  <v-row-stub tag="div" justify="center" class="accordion">
    <v-expansion-panels-stub value="" activeclass="v-item--active" multiple="true" accordion="true">
      <node-stub node="[object Object]"></node-stub>
      <node-stub node="[object Object]"></node-stub>
      <node-stub node="[object Object]"></node-stub>
      <node-stub node="[object Object]"></node-stub>
    </v-expansion-panels-stub>
  </v-row-stub>
</div>
`;
